// Jest Snapshot v1, https://goo.gl/fbAQLP

exports[`App renders app correctly 1`] = `
<DocumentFragment>
  <div
    class="App"
  >
    <div
      class="navbar"
    >
      <ul
        class="navbar-list"
      >
        <img
          alt="logo"
          class="logo"
          src="Surreal_Estate_Logo.png"
        />
        <a
          class="navbar-links-item"
          href="/"
        >
          View Properties
        </a>
        <a
          class="navbar-links-item"
          href="/add-property"
        >
          Add a Property
        </a>
      </ul>
    </div>
    <div>
      <h2>
        Properties Page
      </h2>
      <div
        class="sidebar"
      >
        <form
          class="search-by-title"
        >
          <input
            type="text"
            value=""
          />
          <button
            type="submit"
          >
            Search
          </button>
        </form>
        <h5
          class="sidebar-title"
        >
          Filter By City:
        </h5>
        <a
          class="link-item"
          href="/?query={\\"city\\":\\"Manchester\\"}"
        >
          Manchester
        </a>
        <a
          class="link-item"
          href="/?query={\\"city\\":\\"Leeds\\"}"
        >
          Leeds
        </a>
        <a
          class="link-item"
          href="/?query={\\"city\\":\\"Sheffield\\"}"
        >
          Sheffield
        </a>
        <a
          class="link-item"
          href="/?query={\\"city\\":\\"Liverpool\\"}"
        >
          Liverpool
        </a>
        <h5
          class="sidebar-title"
        >
          Sort By Price:
        </h5>
        <a
          class="link-item"
          href="/?sort={\\"price\\":-1}"
        >
          Price Descending
        </a>
        <a
          class="link-item"
          href="/?sort={\\"price\\":1}"
        >
          Price Ascending
        </a>
      </div>
    </div>
  </div>
</DocumentFragment>
`;
