// Jest Snapshot v1, https://goo.gl/fbAQLP

exports[`PropertyCard renders correctly 1`] = `
<DocumentFragment>
  <div
    class="property-card"
    data-testid="property-card"
  >
    <div
      class="property-card__title"
      data-testid="property-title"
    >
      Title:title
    </div>
    <div
      class="property-card__type"
      data-testid="property-type"
    >
      Type:type
    </div>
    <div
      class="property-card__bathrooms"
      data-testid="property-bathrooms"
    >
      Bathrooms:2
    </div>
    <div
      class="property-card__bedrooms"
      data-testid="property-bedrooms"
    >
      Bedrooms:3
    </div>
    <div
      class="property-card__price"
      data-testid="property-price"
    >
      Price:123456
    </div>
    <div
      class="property-card__city"
      data-testid="property-city"
    >
      City:Manchester
    </div>
    <div
      class="property-card__email"
      data-testid="property-email"
    >
      <a
        href="mailto:someone@example.com"
      >
        Email:test.email@email.com
      </a>
    </div>
  </div>
</DocumentFragment>
`;
